// Jest Snapshot v1, https://goo.gl/fbAQLP

exports[`Testing <Header/> Header have rendered correctly 1`] = `
ShallowWrapper {
  Symbol(enzyme.__root__): [Circular],
  Symbol(enzyme.__unrendered__): <Header />,
  Symbol(enzyme.__renderer__): Object {
    "batchedUpdates": [Function],
    "checkPropTypes": [Function],
    "getNode": [Function],
    "render": [Function],
    "simulateError": [Function],
    "simulateEvent": [Function],
    "unmount": [Function],
  },
  Symbol(enzyme.__node__): Object {
    "instance": null,
    "key": undefined,
    "nodeType": "host",
    "props": Object {
      "children": Array [
        <Link
          replace={false}
          to="/"
        >
          <h3
            className="header-title"
          >
            <Button
              color="link"
              tag="button"
            >
              Game of Thrones DB
            </Button>
          </h3>
        </Link>,
        <ul
          className="header-links"
        >
          <li>
            <Button
              color="link"
              onClick={[Function]}
              tag="button"
            >
              Random Character
            </Button>
          </li>
          <Link
            replace={false}
            to="/character/"
          >
            <Button
              color="link"
              onClick={[Function]}
              tag="button"
            >
              Characters
            </Button>
          </Link>
          <Link
            replace={false}
            to="/houses/"
          >
            <Button
              color="link"
              onClick={[Function]}
              tag="button"
            >
              Houses
            </Button>
          </Link>
          <Link
            replace={false}
            to="/books/"
          >
            <Button
              color="link"
              onClick={[Function]}
              tag="button"
            >
              Books
            </Button>
          </Link>
        </ul>,
      ],
      "className": "header-block",
    },
    "ref": null,
    "rendered": Array [
      Object {
        "instance": null,
        "key": undefined,
        "nodeType": "class",
        "props": Object {
          "children": <h3
            className="header-title"
          >
            <Button
              color="link"
              tag="button"
            >
              Game of Thrones DB
            </Button>
          </h3>,
          "replace": false,
          "to": "/",
        },
        "ref": null,
        "rendered": Object {
          "instance": null,
          "key": undefined,
          "nodeType": "host",
          "props": Object {
            "children": <Button
              color="link"
              tag="button"
            >
              Game of Thrones DB
            </Button>,
            "className": "header-title",
          },
          "ref": null,
          "rendered": Object {
            "instance": null,
            "key": undefined,
            "nodeType": "class",
            "props": Object {
              "children": "Game of Thrones DB",
              "color": "link",
              "tag": "button",
            },
            "ref": null,
            "rendered": "Game of Thrones DB",
            "type": [Function],
          },
          "type": "h3",
        },
        "type": [Function],
      },
      Object {
        "instance": null,
        "key": undefined,
        "nodeType": "host",
        "props": Object {
          "children": Array [
            <li>
              <Button
                color="link"
                onClick={[Function]}
                tag="button"
              >
                Random Character
              </Button>
            </li>,
            <Link
              replace={false}
              to="/character/"
            >
              <Button
                color="link"
                onClick={[Function]}
                tag="button"
              >
                Characters
              </Button>
            </Link>,
            <Link
              replace={false}
              to="/houses/"
            >
              <Button
                color="link"
                onClick={[Function]}
                tag="button"
              >
                Houses
              </Button>
            </Link>,
            <Link
              replace={false}
              to="/books/"
            >
              <Button
                color="link"
                onClick={[Function]}
                tag="button"
              >
                Books
              </Button>
            </Link>,
          ],
          "className": "header-links",
        },
        "ref": null,
        "rendered": Array [
          Object {
            "instance": null,
            "key": undefined,
            "nodeType": "host",
            "props": Object {
              "children": <Button
                color="link"
                onClick={[Function]}
                tag="button"
              >
                Random Character
              </Button>,
            },
            "ref": null,
            "rendered": Object {
              "instance": null,
              "key": undefined,
              "nodeType": "class",
              "props": Object {
                "children": "Random Character",
                "color": "link",
                "onClick": [Function],
                "tag": "button",
              },
              "ref": null,
              "rendered": "Random Character",
              "type": [Function],
            },
            "type": "li",
          },
          Object {
            "instance": null,
            "key": undefined,
            "nodeType": "class",
            "props": Object {
              "children": <Button
                color="link"
                onClick={[Function]}
                tag="button"
              >
                Characters
              </Button>,
              "replace": false,
              "to": "/character/",
            },
            "ref": null,
            "rendered": Object {
              "instance": null,
              "key": undefined,
              "nodeType": "class",
              "props": Object {
                "children": "Characters",
                "color": "link",
                "onClick": [Function],
                "tag": "button",
              },
              "ref": null,
              "rendered": "Characters",
              "type": [Function],
            },
            "type": [Function],
          },
          Object {
            "instance": null,
            "key": undefined,
            "nodeType": "class",
            "props": Object {
              "children": <Button
                color="link"
                onClick={[Function]}
                tag="button"
              >
                Houses
              </Button>,
              "replace": false,
              "to": "/houses/",
            },
            "ref": null,
            "rendered": Object {
              "instance": null,
              "key": undefined,
              "nodeType": "class",
              "props": Object {
                "children": "Houses",
                "color": "link",
                "onClick": [Function],
                "tag": "button",
              },
              "ref": null,
              "rendered": "Houses",
              "type": [Function],
            },
            "type": [Function],
          },
          Object {
            "instance": null,
            "key": undefined,
            "nodeType": "class",
            "props": Object {
              "children": <Button
                color="link"
                onClick={[Function]}
                tag="button"
              >
                Books
              </Button>,
              "replace": false,
              "to": "/books/",
            },
            "ref": null,
            "rendered": Object {
              "instance": null,
              "key": undefined,
              "nodeType": "class",
              "props": Object {
                "children": "Books",
                "color": "link",
                "onClick": [Function],
                "tag": "button",
              },
              "ref": null,
              "rendered": "Books",
              "type": [Function],
            },
            "type": [Function],
          },
        ],
        "type": "ul",
      },
    ],
    "type": "div",
  },
  Symbol(enzyme.__nodes__): Array [
    Object {
      "instance": null,
      "key": undefined,
      "nodeType": "host",
      "props": Object {
        "children": Array [
          <Link
            replace={false}
            to="/"
          >
            <h3
              className="header-title"
            >
              <Button
                color="link"
                tag="button"
              >
                Game of Thrones DB
              </Button>
            </h3>
          </Link>,
          <ul
            className="header-links"
          >
            <li>
              <Button
                color="link"
                onClick={[Function]}
                tag="button"
              >
                Random Character
              </Button>
            </li>
            <Link
              replace={false}
              to="/character/"
            >
              <Button
                color="link"
                onClick={[Function]}
                tag="button"
              >
                Characters
              </Button>
            </Link>
            <Link
              replace={false}
              to="/houses/"
            >
              <Button
                color="link"
                onClick={[Function]}
                tag="button"
              >
                Houses
              </Button>
            </Link>
            <Link
              replace={false}
              to="/books/"
            >
              <Button
                color="link"
                onClick={[Function]}
                tag="button"
              >
                Books
              </Button>
            </Link>
          </ul>,
        ],
        "className": "header-block",
      },
      "ref": null,
      "rendered": Array [
        Object {
          "instance": null,
          "key": undefined,
          "nodeType": "class",
          "props": Object {
            "children": <h3
              className="header-title"
            >
              <Button
                color="link"
                tag="button"
              >
                Game of Thrones DB
              </Button>
            </h3>,
            "replace": false,
            "to": "/",
          },
          "ref": null,
          "rendered": Object {
            "instance": null,
            "key": undefined,
            "nodeType": "host",
            "props": Object {
              "children": <Button
                color="link"
                tag="button"
              >
                Game of Thrones DB
              </Button>,
              "className": "header-title",
            },
            "ref": null,
            "rendered": Object {
              "instance": null,
              "key": undefined,
              "nodeType": "class",
              "props": Object {
                "children": "Game of Thrones DB",
                "color": "link",
                "tag": "button",
              },
              "ref": null,
              "rendered": "Game of Thrones DB",
              "type": [Function],
            },
            "type": "h3",
          },
          "type": [Function],
        },
        Object {
          "instance": null,
          "key": undefined,
          "nodeType": "host",
          "props": Object {
            "children": Array [
              <li>
                <Button
                  color="link"
                  onClick={[Function]}
                  tag="button"
                >
                  Random Character
                </Button>
              </li>,
              <Link
                replace={false}
                to="/character/"
              >
                <Button
                  color="link"
                  onClick={[Function]}
                  tag="button"
                >
                  Characters
                </Button>
              </Link>,
              <Link
                replace={false}
                to="/houses/"
              >
                <Button
                  color="link"
                  onClick={[Function]}
                  tag="button"
                >
                  Houses
                </Button>
              </Link>,
              <Link
                replace={false}
                to="/books/"
              >
                <Button
                  color="link"
                  onClick={[Function]}
                  tag="button"
                >
                  Books
                </Button>
              </Link>,
            ],
            "className": "header-links",
          },
          "ref": null,
          "rendered": Array [
            Object {
              "instance": null,
              "key": undefined,
              "nodeType": "host",
              "props": Object {
                "children": <Button
                  color="link"
                  onClick={[Function]}
                  tag="button"
                >
                  Random Character
                </Button>,
              },
              "ref": null,
              "rendered": Object {
                "instance": null,
                "key": undefined,
                "nodeType": "class",
                "props": Object {
                  "children": "Random Character",
                  "color": "link",
                  "onClick": [Function],
                  "tag": "button",
                },
                "ref": null,
                "rendered": "Random Character",
                "type": [Function],
              },
              "type": "li",
            },
            Object {
              "instance": null,
              "key": undefined,
              "nodeType": "class",
              "props": Object {
                "children": <Button
                  color="link"
                  onClick={[Function]}
                  tag="button"
                >
                  Characters
                </Button>,
                "replace": false,
                "to": "/character/",
              },
              "ref": null,
              "rendered": Object {
                "instance": null,
                "key": undefined,
                "nodeType": "class",
                "props": Object {
                  "children": "Characters",
                  "color": "link",
                  "onClick": [Function],
                  "tag": "button",
                },
                "ref": null,
                "rendered": "Characters",
                "type": [Function],
              },
              "type": [Function],
            },
            Object {
              "instance": null,
              "key": undefined,
              "nodeType": "class",
              "props": Object {
                "children": <Button
                  color="link"
                  onClick={[Function]}
                  tag="button"
                >
                  Houses
                </Button>,
                "replace": false,
                "to": "/houses/",
              },
              "ref": null,
              "rendered": Object {
                "instance": null,
                "key": undefined,
                "nodeType": "class",
                "props": Object {
                  "children": "Houses",
                  "color": "link",
                  "onClick": [Function],
                  "tag": "button",
                },
                "ref": null,
                "rendered": "Houses",
                "type": [Function],
              },
              "type": [Function],
            },
            Object {
              "instance": null,
              "key": undefined,
              "nodeType": "class",
              "props": Object {
                "children": <Button
                  color="link"
                  onClick={[Function]}
                  tag="button"
                >
                  Books
                </Button>,
                "replace": false,
                "to": "/books/",
              },
              "ref": null,
              "rendered": Object {
                "instance": null,
                "key": undefined,
                "nodeType": "class",
                "props": Object {
                  "children": "Books",
                  "color": "link",
                  "onClick": [Function],
                  "tag": "button",
                },
                "ref": null,
                "rendered": "Books",
                "type": [Function],
              },
              "type": [Function],
            },
          ],
          "type": "ul",
        },
      ],
      "type": "div",
    },
  ],
  Symbol(enzyme.__options__): Object {
    "adapter": ReactSixteenAdapter {
      "options": Object {
        "enableComponentDidUpdateOnSetState": true,
        "legacyContextMode": "parent",
        "lifecycles": Object {
          "componentDidUpdate": Object {
            "onSetState": true,
          },
          "getChildContext": Object {
            "calledByRenderer": false,
          },
          "getDerivedStateFromProps": true,
          "getSnapshotBeforeUpdate": true,
          "setState": Object {
            "skipsComponentDidUpdateOnNullish": true,
          },
        },
      },
    },
  },
}
`;
